FILENAME	NUMSEQ	TOTAL	MIN	AVG	MAX
stdin	1	120	120	120	120
